[[1, 2, 3], [1, 2, 3], [1, 2, 3], ["a", "s", "d", "f"], [1, 2, 3]]
