[-118, 615, 0.04065040650406504, 5, -5141387193035002851, 128]
