  1:1  [ Blank        ] _
  1:2  [ EOF          ] 
