  1:1  [ Field        ] .foo
  1:5  [ Newline      ] 
  2:1  [ Number       ] 4
  2:2  [ Field        ] .bar
  2:6  [ EOF          ] 
