-------------------------------------------------------------------------------
Tokenizer Error:

Unmatched quote
-------------------------------------------------------------------------------

At (line 1 column 1) in 'tests/tokenizer/missingQuoteErr.test'
"foo
^
