  1:1  [ Name         ] foo
  1:4  [ EOF          ] 
