  1:1  [ Newline      ] 
  2:1  [ EOF          ] 
