  1:1  [ Number       ] 10
  1:3  [ Newline      ] 
  2:1  [ Number       ] 01
  2:3  [ Newline      ] 
  3:1  [ Number       ] 1.0
  3:4  [ Newline      ] 
  4:1  [ Number       ] .1
  4:3  [ EOF          ] 
