-------------------------------------------------------------------------------
Tokenizer Error:

Invalid operator '*+'
-------------------------------------------------------------------------------

At (line 1 column 1) in 'tests/tokenizer/opSymErr.test'
*+
^
