  1:1  [ Whitespace   ] 
  1:2  [ Semicolon    ] ;
  1:3  [ Newline      ] 
  2:1  [ Whitespace   ] 
  2:3  [ Semicolon    ] ;
  2:4  [ Newline      ] 
  3:1  [ Whitespace   ] 
  3:5  [ Semicolon    ] ;
  3:6  [ EOF          ] 
