(Program 
 null
 []
 (Def 
  (Name "x")
  (Array 
   (Array 
    (Number 1)
    (Number 2)
    (Number 3))
   (Array 
    (Number 4)
    (Number 5)
    (Number 6)))))
