(Program 
 null
 []
 (Def 
  (Name "x")
  (Array 
   (Number 1)
   (Number 2)
   (Number 3))))
