-------------------------------------------------------------------------------
Parser Error:

Expected 'Newline or Semicolon', got 'LArray'
-------------------------------------------------------------------------------

At (line 2 column 13) in 'tests/parser/arrayLineErr.test'
y = [1 2 3] [3 4 5]
            ^
