(Program 
 null
 (Import 
  (String "foo")
  (Name "bar"))
 (Def 
  (Name "x")
  (Number 123)))
