-------------------------------------------------------------------------------
Parser Error:

Expected 'Name', got 'String'
-------------------------------------------------------------------------------

At (line 2 column 1) in 'tests/parser/defLHSErr.test'
"asdf" = 4
^
