(Program 
 null
 []
 (Def 
  (Tuple (Name "a"))
  (Name "c")))
