(Program 
 (Export 
  (Name "a")
  (Name "b")
  (Name "c"))
 []
 [])
