-------------------------------------------------------------------------------
Parser Error:

Expected 'Yield', got 'Number'
-------------------------------------------------------------------------------

At (line 2 column 24) in 'tests/parser/forNoYieldErr.test'
x = for x in [1, 2, 3] 123
                       ^
