(Program 
 null
 []
 (Def 
  (Name "y")
  (Number 123))
 (Def 
  (Name "z")
  (Number 4.5)))
