-------------------------------------------------------------------------------
Parser Error:

Expected 'Number or String or Name or Label or Bool or LArray or LParen or LBracket', got 'RParen'
-------------------------------------------------------------------------------

At (line 2 column 11) in 'tests/parser/tupleCommaErr.test'
x = (1, 2,)
          ^
